exports[`test Default state is correct 1`] = `"WELCOME"`;
